// Jest Snapshot v1, https://goo.gl/fbAQLP

exports[`Execute with scoped series should create expected execution definition 1`] = `
Object {
  "attributes": Array [
    Object {
      "attribute": Object {
        "displayForm": Object {
          "identifier": "label.owner.region",
          "type": "displayForm",
        },
        "localIdentifier": "a_label.owner.region",
      },
    },
  ],
  "buckets": Array [],
  "dimensions": Array [
    Object {
      "itemIdentifiers": Array [
        "a_label.owner.region",
        "measureGroup",
      ],
    },
  ],
  "filters": Array [],
  "measures": Array [
    Object {
      "measure": Object {
        "definition": Object {
          "measureDefinition": Object {
            "item": Object {
              "identifier": "aangOxLSeztu",
              "type": "measure",
            },
          },
        },
        "localIdentifier": "m_aangOxLSeztu",
      },
    },
    Object {
      "measure": Object {
        "definition": Object {
          "measureDefinition": Object {
            "item": Object {
              "identifier": "acugFHNJgsBy",
              "type": "measure",
            },
          },
        },
        "localIdentifier": "m_acugFHNJgsBy",
      },
    },
  ],
  "postProcessing": Object {},
  "sortBy": Array [],
  "workspace": "reference-workspace",
}
`;

exports[`Execute with scoped series with slicing should create expected execution definition 1`] = `
Object {
  "attributes": Array [
    Object {
      "attribute": Object {
        "displayForm": Object {
          "identifier": "label.owner.region",
          "type": "displayForm",
        },
        "localIdentifier": "a_label.owner.region",
      },
    },
    Object {
      "attribute": Object {
        "displayForm": Object {
          "identifier": "label.product.id.name",
          "type": "displayForm",
        },
        "localIdentifier": "a_label.product.id.name",
      },
    },
  ],
  "buckets": Array [],
  "dimensions": Array [
    Object {
      "itemIdentifiers": Array [
        "a_label.product.id.name",
      ],
    },
    Object {
      "itemIdentifiers": Array [
        "a_label.owner.region",
        "measureGroup",
      ],
    },
  ],
  "filters": Array [],
  "measures": Array [
    Object {
      "measure": Object {
        "definition": Object {
          "measureDefinition": Object {
            "item": Object {
              "identifier": "aangOxLSeztu",
              "type": "measure",
            },
          },
        },
        "localIdentifier": "m_aangOxLSeztu",
      },
    },
    Object {
      "measure": Object {
        "definition": Object {
          "measureDefinition": Object {
            "item": Object {
              "identifier": "acugFHNJgsBy",
              "type": "measure",
            },
          },
        },
        "localIdentifier": "m_acugFHNJgsBy",
      },
    },
  ],
  "postProcessing": Object {},
  "sortBy": Array [],
  "workspace": "reference-workspace",
}
`;

exports[`Execute with single unscoped series should create expected execution definition 1`] = `
Object {
  "attributes": Array [],
  "buckets": Array [],
  "dimensions": Array [
    Object {
      "itemIdentifiers": Array [
        "measureGroup",
      ],
    },
  ],
  "filters": Array [],
  "measures": Array [
    Object {
      "measure": Object {
        "definition": Object {
          "measureDefinition": Object {
            "item": Object {
              "identifier": "aangOxLSeztu",
              "type": "measure",
            },
          },
        },
        "localIdentifier": "m_aangOxLSeztu",
      },
    },
  ],
  "postProcessing": Object {},
  "sortBy": Array [],
  "workspace": "reference-workspace",
}
`;

exports[`Execute with two unscoped series should create expected execution definition 1`] = `
Object {
  "attributes": Array [],
  "buckets": Array [],
  "dimensions": Array [
    Object {
      "itemIdentifiers": Array [
        "measureGroup",
      ],
    },
  ],
  "filters": Array [],
  "measures": Array [
    Object {
      "measure": Object {
        "definition": Object {
          "measureDefinition": Object {
            "item": Object {
              "identifier": "aangOxLSeztu",
              "type": "measure",
            },
          },
        },
        "localIdentifier": "m_aangOxLSeztu",
      },
    },
    Object {
      "measure": Object {
        "definition": Object {
          "measureDefinition": Object {
            "item": Object {
              "identifier": "acugFHNJgsBy",
              "type": "measure",
            },
          },
        },
        "localIdentifier": "m_acugFHNJgsBy",
      },
    },
  ],
  "postProcessing": Object {},
  "sortBy": Array [],
  "workspace": "reference-workspace",
}
`;
