// Jest Snapshot v1, https://goo.gl/fbAQLP

exports[`FunnelChart with arithmetic measures should create expected execution definition 1`] = `
Object {
  "attributes": Array [],
  "buckets": Array [
    Object {
      "items": Array [
        Object {
          "measure": Object {
            "definition": Object {
              "measureDefinition": Object {
                "item": Object {
                  "identifier": "aangOxLSeztu",
                  "type": "measure",
                },
              },
            },
            "localIdentifier": "m_aangOxLSeztu",
          },
        },
        Object {
          "measure": Object {
            "alias": "Calculated 'Lost' measure",
            "definition": Object {
              "arithmeticMeasure": Object {
                "measureIdentifiers": Array [
                  "m_aangOxLSeztu",
                  "m_acugFHNJgsBy",
                ],
                "operator": "difference",
              },
            },
            "localIdentifier": "m_358184a8_f72796b0fbc7c0dc4d17a1e68c1a9933",
          },
        },
        Object {
          "measure": Object {
            "definition": Object {
              "measureDefinition": Object {
                "item": Object {
                  "identifier": "acugFHNJgsBy",
                  "type": "measure",
                },
              },
            },
            "localIdentifier": "m_acugFHNJgsBy",
          },
        },
      ],
      "localIdentifier": "measures",
    },
    Object {
      "items": Array [],
      "localIdentifier": "view",
    },
  ],
  "dimensions": Array [
    Object {
      "itemIdentifiers": Array [],
    },
    Object {
      "itemIdentifiers": Array [
        "measureGroup",
      ],
    },
  ],
  "filters": Array [],
  "measures": Array [
    Object {
      "measure": Object {
        "definition": Object {
          "measureDefinition": Object {
            "item": Object {
              "identifier": "aangOxLSeztu",
              "type": "measure",
            },
          },
        },
        "localIdentifier": "m_aangOxLSeztu",
      },
    },
    Object {
      "measure": Object {
        "alias": "Calculated 'Lost' measure",
        "definition": Object {
          "arithmeticMeasure": Object {
            "measureIdentifiers": Array [
              "m_aangOxLSeztu",
              "m_acugFHNJgsBy",
            ],
            "operator": "difference",
          },
        },
        "localIdentifier": "m_358184a8_f72796b0fbc7c0dc4d17a1e68c1a9933",
      },
    },
    Object {
      "measure": Object {
        "definition": Object {
          "measureDefinition": Object {
            "item": Object {
              "identifier": "acugFHNJgsBy",
              "type": "measure",
            },
          },
        },
        "localIdentifier": "m_acugFHNJgsBy",
      },
    },
  ],
  "postProcessing": Object {},
  "sortBy": Array [],
  "workspace": "reference-workspace",
}
`;

exports[`FunnelChart with arithmetic measures should create expected props for core chart 1`] = `
Object {
  "exportTitle": "FunnelChart",
}
`;

exports[`FunnelChart with assign color to attributes should create expected execution definition 1`] = `
Object {
  "attributes": Array [
    Object {
      "attribute": Object {
        "displayForm": Object {
          "identifier": "label.product.id.name",
          "type": "displayForm",
        },
        "localIdentifier": "a_label.product.id.name",
      },
    },
  ],
  "buckets": Array [
    Object {
      "items": Array [
        Object {
          "measure": Object {
            "definition": Object {
              "measureDefinition": Object {
                "item": Object {
                  "identifier": "aangOxLSeztu",
                  "type": "measure",
                },
              },
            },
            "localIdentifier": "m_aangOxLSeztu",
          },
        },
      ],
      "localIdentifier": "measures",
    },
    Object {
      "items": Array [
        Object {
          "attribute": Object {
            "displayForm": Object {
              "identifier": "label.product.id.name",
              "type": "displayForm",
            },
            "localIdentifier": "a_label.product.id.name",
          },
        },
      ],
      "localIdentifier": "view",
    },
  ],
  "dimensions": Array [
    Object {
      "itemIdentifiers": Array [
        "measureGroup",
      ],
    },
    Object {
      "itemIdentifiers": Array [
        "a_label.product.id.name",
      ],
    },
  ],
  "filters": Array [],
  "measures": Array [
    Object {
      "measure": Object {
        "definition": Object {
          "measureDefinition": Object {
            "item": Object {
              "identifier": "aangOxLSeztu",
              "type": "measure",
            },
          },
        },
        "localIdentifier": "m_aangOxLSeztu",
      },
    },
  ],
  "postProcessing": Object {},
  "sortBy": Array [],
  "workspace": "reference-workspace",
}
`;

exports[`FunnelChart with assign color to attributes should create expected props for core chart 1`] = `
Object {
  "config": Object {
    "colorMapping": Array [
      Object {
        "color": Object {
          "type": "rgb",
          "value": Object {
            "b": 0,
            "g": 0,
            "r": 0,
          },
        },
        "predicate": [Function],
      },
      Object {
        "color": Object {
          "type": "rgb",
          "value": Object {
            "b": 0,
            "g": 0,
            "r": 255,
          },
        },
        "predicate": [Function],
      },
    ],
    "colorPalette": Array [
      Object {
        "fill": Object {
          "b": 73,
          "g": 49,
          "r": 195,
        },
        "guid": "01",
      },
      Object {
        "fill": Object {
          "b": 86,
          "g": 194,
          "r": 168,
        },
        "guid": "02",
      },
      Object {
        "fill": Object {
          "b": 177,
          "g": 217,
          "r": 243,
        },
        "guid": "03",
      },
      Object {
        "fill": Object {
          "b": 121,
          "g": 153,
          "r": 194,
        },
        "guid": "04",
      },
      Object {
        "fill": Object {
          "b": 34,
          "g": 37,
          "r": 162,
        },
        "guid": "05",
      },
    ],
  },
  "exportTitle": "FunnelChart",
}
`;

exports[`FunnelChart with assign color to measures should create expected execution definition 1`] = `
Object {
  "attributes": Array [],
  "buckets": Array [
    Object {
      "items": Array [
        Object {
          "measure": Object {
            "definition": Object {
              "measureDefinition": Object {
                "item": Object {
                  "identifier": "aangOxLSeztu",
                  "type": "measure",
                },
              },
            },
            "localIdentifier": "m_aangOxLSeztu",
          },
        },
        Object {
          "measure": Object {
            "alias": "Calculated 'Lost' measure",
            "definition": Object {
              "arithmeticMeasure": Object {
                "measureIdentifiers": Array [
                  "m_aangOxLSeztu",
                  "m_acugFHNJgsBy",
                ],
                "operator": "difference",
              },
            },
            "localIdentifier": "m_358184a8_f72796b0fbc7c0dc4d17a1e68c1a9933",
          },
        },
        Object {
          "measure": Object {
            "definition": Object {
              "measureDefinition": Object {
                "item": Object {
                  "identifier": "acugFHNJgsBy",
                  "type": "measure",
                },
              },
            },
            "localIdentifier": "m_acugFHNJgsBy",
          },
        },
      ],
      "localIdentifier": "measures",
    },
    Object {
      "items": Array [],
      "localIdentifier": "view",
    },
  ],
  "dimensions": Array [
    Object {
      "itemIdentifiers": Array [],
    },
    Object {
      "itemIdentifiers": Array [
        "measureGroup",
      ],
    },
  ],
  "filters": Array [],
  "measures": Array [
    Object {
      "measure": Object {
        "definition": Object {
          "measureDefinition": Object {
            "item": Object {
              "identifier": "aangOxLSeztu",
              "type": "measure",
            },
          },
        },
        "localIdentifier": "m_aangOxLSeztu",
      },
    },
    Object {
      "measure": Object {
        "alias": "Calculated 'Lost' measure",
        "definition": Object {
          "arithmeticMeasure": Object {
            "measureIdentifiers": Array [
              "m_aangOxLSeztu",
              "m_acugFHNJgsBy",
            ],
            "operator": "difference",
          },
        },
        "localIdentifier": "m_358184a8_f72796b0fbc7c0dc4d17a1e68c1a9933",
      },
    },
    Object {
      "measure": Object {
        "definition": Object {
          "measureDefinition": Object {
            "item": Object {
              "identifier": "acugFHNJgsBy",
              "type": "measure",
            },
          },
        },
        "localIdentifier": "m_acugFHNJgsBy",
      },
    },
  ],
  "postProcessing": Object {},
  "sortBy": Array [],
  "workspace": "reference-workspace",
}
`;

exports[`FunnelChart with assign color to measures should create expected props for core chart 1`] = `
Object {
  "config": Object {
    "colorMapping": Array [
      Object {
        "color": Object {
          "type": "rgb",
          "value": Object {
            "b": 0,
            "g": 0,
            "r": 0,
          },
        },
        "predicate": [Function],
      },
      Object {
        "color": Object {
          "type": "guid",
          "value": "05",
        },
        "predicate": [Function],
      },
    ],
    "colorPalette": Array [
      Object {
        "fill": Object {
          "b": 73,
          "g": 49,
          "r": 195,
        },
        "guid": "01",
      },
      Object {
        "fill": Object {
          "b": 86,
          "g": 194,
          "r": 168,
        },
        "guid": "02",
      },
      Object {
        "fill": Object {
          "b": 177,
          "g": 217,
          "r": 243,
        },
        "guid": "03",
      },
      Object {
        "fill": Object {
          "b": 121,
          "g": 153,
          "r": 194,
        },
        "guid": "04",
      },
      Object {
        "fill": Object {
          "b": 34,
          "g": 37,
          "r": 162,
        },
        "guid": "05",
      },
    ],
  },
  "exportTitle": "FunnelChart",
}
`;

exports[`FunnelChart with coloring - custom colors should create expected execution definition 1`] = `
Object {
  "attributes": Array [
    Object {
      "attribute": Object {
        "displayForm": Object {
          "identifier": "label.product.id.name",
          "type": "displayForm",
        },
        "localIdentifier": "a_label.product.id.name",
      },
    },
  ],
  "buckets": Array [
    Object {
      "items": Array [
        Object {
          "measure": Object {
            "definition": Object {
              "measureDefinition": Object {
                "item": Object {
                  "identifier": "aangOxLSeztu",
                  "type": "measure",
                },
              },
            },
            "localIdentifier": "m_aangOxLSeztu",
          },
        },
      ],
      "localIdentifier": "measures",
    },
    Object {
      "items": Array [
        Object {
          "attribute": Object {
            "displayForm": Object {
              "identifier": "label.product.id.name",
              "type": "displayForm",
            },
            "localIdentifier": "a_label.product.id.name",
          },
        },
      ],
      "localIdentifier": "view",
    },
  ],
  "dimensions": Array [
    Object {
      "itemIdentifiers": Array [
        "measureGroup",
      ],
    },
    Object {
      "itemIdentifiers": Array [
        "a_label.product.id.name",
      ],
    },
  ],
  "filters": Array [],
  "measures": Array [
    Object {
      "measure": Object {
        "definition": Object {
          "measureDefinition": Object {
            "item": Object {
              "identifier": "aangOxLSeztu",
              "type": "measure",
            },
          },
        },
        "localIdentifier": "m_aangOxLSeztu",
      },
    },
  ],
  "postProcessing": Object {},
  "sortBy": Array [],
  "workspace": "reference-workspace",
}
`;

exports[`FunnelChart with coloring - custom colors should create expected props for core chart 1`] = `
Object {
  "config": Object {
    "colors": Array [
      "rgb(33, 41, 195)",
      "rgb(18, 194, 25)",
      "rgb(243, 56, 47)",
      "rgb(240, 239, 8)",
      "rgb(131, 131, 131)",
    ],
  },
  "exportTitle": "FunnelChart",
}
`;

exports[`FunnelChart with coloring - custom palette preferred over colors should create expected execution definition 1`] = `
Object {
  "attributes": Array [
    Object {
      "attribute": Object {
        "displayForm": Object {
          "identifier": "label.product.id.name",
          "type": "displayForm",
        },
        "localIdentifier": "a_label.product.id.name",
      },
    },
  ],
  "buckets": Array [
    Object {
      "items": Array [
        Object {
          "measure": Object {
            "definition": Object {
              "measureDefinition": Object {
                "item": Object {
                  "identifier": "aangOxLSeztu",
                  "type": "measure",
                },
              },
            },
            "localIdentifier": "m_aangOxLSeztu",
          },
        },
      ],
      "localIdentifier": "measures",
    },
    Object {
      "items": Array [
        Object {
          "attribute": Object {
            "displayForm": Object {
              "identifier": "label.product.id.name",
              "type": "displayForm",
            },
            "localIdentifier": "a_label.product.id.name",
          },
        },
      ],
      "localIdentifier": "view",
    },
  ],
  "dimensions": Array [
    Object {
      "itemIdentifiers": Array [
        "measureGroup",
      ],
    },
    Object {
      "itemIdentifiers": Array [
        "a_label.product.id.name",
      ],
    },
  ],
  "filters": Array [],
  "measures": Array [
    Object {
      "measure": Object {
        "definition": Object {
          "measureDefinition": Object {
            "item": Object {
              "identifier": "aangOxLSeztu",
              "type": "measure",
            },
          },
        },
        "localIdentifier": "m_aangOxLSeztu",
      },
    },
  ],
  "postProcessing": Object {},
  "sortBy": Array [],
  "workspace": "reference-workspace",
}
`;

exports[`FunnelChart with coloring - custom palette preferred over colors should create expected props for core chart 1`] = `
Object {
  "config": Object {
    "colorPalette": Array [
      Object {
        "fill": Object {
          "b": 73,
          "g": 49,
          "r": 195,
        },
        "guid": "01",
      },
      Object {
        "fill": Object {
          "b": 86,
          "g": 194,
          "r": 168,
        },
        "guid": "02",
      },
      Object {
        "fill": Object {
          "b": 177,
          "g": 217,
          "r": 243,
        },
        "guid": "03",
      },
      Object {
        "fill": Object {
          "b": 121,
          "g": 153,
          "r": 194,
        },
        "guid": "04",
      },
      Object {
        "fill": Object {
          "b": 34,
          "g": 37,
          "r": 162,
        },
        "guid": "05",
      },
    ],
    "colors": Array [
      "rgb(33, 41, 195)",
      "rgb(18, 194, 25)",
      "rgb(243, 56, 47)",
      "rgb(240, 239, 8)",
      "rgb(131, 131, 131)",
    ],
  },
  "exportTitle": "FunnelChart",
}
`;

exports[`FunnelChart with coloring - custom palette should create expected execution definition 1`] = `
Object {
  "attributes": Array [
    Object {
      "attribute": Object {
        "displayForm": Object {
          "identifier": "label.product.id.name",
          "type": "displayForm",
        },
        "localIdentifier": "a_label.product.id.name",
      },
    },
  ],
  "buckets": Array [
    Object {
      "items": Array [
        Object {
          "measure": Object {
            "definition": Object {
              "measureDefinition": Object {
                "item": Object {
                  "identifier": "aangOxLSeztu",
                  "type": "measure",
                },
              },
            },
            "localIdentifier": "m_aangOxLSeztu",
          },
        },
      ],
      "localIdentifier": "measures",
    },
    Object {
      "items": Array [
        Object {
          "attribute": Object {
            "displayForm": Object {
              "identifier": "label.product.id.name",
              "type": "displayForm",
            },
            "localIdentifier": "a_label.product.id.name",
          },
        },
      ],
      "localIdentifier": "view",
    },
  ],
  "dimensions": Array [
    Object {
      "itemIdentifiers": Array [
        "measureGroup",
      ],
    },
    Object {
      "itemIdentifiers": Array [
        "a_label.product.id.name",
      ],
    },
  ],
  "filters": Array [],
  "measures": Array [
    Object {
      "measure": Object {
        "definition": Object {
          "measureDefinition": Object {
            "item": Object {
              "identifier": "aangOxLSeztu",
              "type": "measure",
            },
          },
        },
        "localIdentifier": "m_aangOxLSeztu",
      },
    },
  ],
  "postProcessing": Object {},
  "sortBy": Array [],
  "workspace": "reference-workspace",
}
`;

exports[`FunnelChart with coloring - custom palette should create expected props for core chart 1`] = `
Object {
  "config": Object {
    "colorPalette": Array [
      Object {
        "fill": Object {
          "b": 73,
          "g": 49,
          "r": 195,
        },
        "guid": "01",
      },
      Object {
        "fill": Object {
          "b": 86,
          "g": 194,
          "r": 168,
        },
        "guid": "02",
      },
      Object {
        "fill": Object {
          "b": 177,
          "g": 217,
          "r": 243,
        },
        "guid": "03",
      },
      Object {
        "fill": Object {
          "b": 121,
          "g": 153,
          "r": 194,
        },
        "guid": "04",
      },
      Object {
        "fill": Object {
          "b": 34,
          "g": 37,
          "r": 162,
        },
        "guid": "05",
      },
    ],
  },
  "exportTitle": "FunnelChart",
}
`;

exports[`FunnelChart with coloring - default should create expected execution definition 1`] = `
Object {
  "attributes": Array [
    Object {
      "attribute": Object {
        "displayForm": Object {
          "identifier": "label.product.id.name",
          "type": "displayForm",
        },
        "localIdentifier": "a_label.product.id.name",
      },
    },
  ],
  "buckets": Array [
    Object {
      "items": Array [
        Object {
          "measure": Object {
            "definition": Object {
              "measureDefinition": Object {
                "item": Object {
                  "identifier": "aangOxLSeztu",
                  "type": "measure",
                },
              },
            },
            "localIdentifier": "m_aangOxLSeztu",
          },
        },
      ],
      "localIdentifier": "measures",
    },
    Object {
      "items": Array [
        Object {
          "attribute": Object {
            "displayForm": Object {
              "identifier": "label.product.id.name",
              "type": "displayForm",
            },
            "localIdentifier": "a_label.product.id.name",
          },
        },
      ],
      "localIdentifier": "view",
    },
  ],
  "dimensions": Array [
    Object {
      "itemIdentifiers": Array [
        "measureGroup",
      ],
    },
    Object {
      "itemIdentifiers": Array [
        "a_label.product.id.name",
      ],
    },
  ],
  "filters": Array [],
  "measures": Array [
    Object {
      "measure": Object {
        "definition": Object {
          "measureDefinition": Object {
            "item": Object {
              "identifier": "aangOxLSeztu",
              "type": "measure",
            },
          },
        },
        "localIdentifier": "m_aangOxLSeztu",
      },
    },
  ],
  "postProcessing": Object {},
  "sortBy": Array [],
  "workspace": "reference-workspace",
}
`;

exports[`FunnelChart with coloring - default should create expected props for core chart 1`] = `
Object {
  "config": Object {},
  "exportTitle": "FunnelChart",
}
`;

exports[`FunnelChart with single measure should create expected execution definition 1`] = `
Object {
  "attributes": Array [],
  "buckets": Array [
    Object {
      "items": Array [
        Object {
          "measure": Object {
            "definition": Object {
              "measureDefinition": Object {
                "item": Object {
                  "identifier": "aangOxLSeztu",
                  "type": "measure",
                },
              },
            },
            "localIdentifier": "m_aangOxLSeztu",
          },
        },
      ],
      "localIdentifier": "measures",
    },
    Object {
      "items": Array [],
      "localIdentifier": "view",
    },
  ],
  "dimensions": Array [
    Object {
      "itemIdentifiers": Array [],
    },
    Object {
      "itemIdentifiers": Array [
        "measureGroup",
      ],
    },
  ],
  "filters": Array [],
  "measures": Array [
    Object {
      "measure": Object {
        "definition": Object {
          "measureDefinition": Object {
            "item": Object {
              "identifier": "aangOxLSeztu",
              "type": "measure",
            },
          },
        },
        "localIdentifier": "m_aangOxLSeztu",
      },
    },
  ],
  "postProcessing": Object {},
  "sortBy": Array [],
  "workspace": "reference-workspace",
}
`;

exports[`FunnelChart with single measure should create expected props for core chart 1`] = `
Object {
  "exportTitle": "FunnelChart",
}
`;

exports[`FunnelChart with single measure with viewBy should create expected execution definition 1`] = `
Object {
  "attributes": Array [
    Object {
      "attribute": Object {
        "displayForm": Object {
          "identifier": "label.product.id.name",
          "type": "displayForm",
        },
        "localIdentifier": "a_label.product.id.name",
      },
    },
  ],
  "buckets": Array [
    Object {
      "items": Array [
        Object {
          "measure": Object {
            "definition": Object {
              "measureDefinition": Object {
                "item": Object {
                  "identifier": "aangOxLSeztu",
                  "type": "measure",
                },
              },
            },
            "localIdentifier": "m_aangOxLSeztu",
          },
        },
      ],
      "localIdentifier": "measures",
    },
    Object {
      "items": Array [
        Object {
          "attribute": Object {
            "displayForm": Object {
              "identifier": "label.product.id.name",
              "type": "displayForm",
            },
            "localIdentifier": "a_label.product.id.name",
          },
        },
      ],
      "localIdentifier": "view",
    },
  ],
  "dimensions": Array [
    Object {
      "itemIdentifiers": Array [
        "measureGroup",
      ],
    },
    Object {
      "itemIdentifiers": Array [
        "a_label.product.id.name",
      ],
    },
  ],
  "filters": Array [],
  "measures": Array [
    Object {
      "measure": Object {
        "definition": Object {
          "measureDefinition": Object {
            "item": Object {
              "identifier": "aangOxLSeztu",
              "type": "measure",
            },
          },
        },
        "localIdentifier": "m_aangOxLSeztu",
      },
    },
  ],
  "postProcessing": Object {},
  "sortBy": Array [],
  "workspace": "reference-workspace",
}
`;

exports[`FunnelChart with single measure with viewBy should create expected props for core chart 1`] = `
Object {
  "exportTitle": "FunnelChart",
}
`;

exports[`FunnelChart with single measure with viewBy sorted by attribute should create expected execution definition 1`] = `
Object {
  "attributes": Array [
    Object {
      "attribute": Object {
        "displayForm": Object {
          "identifier": "label.product.id.name",
          "type": "displayForm",
        },
        "localIdentifier": "a_label.product.id.name",
      },
    },
  ],
  "buckets": Array [
    Object {
      "items": Array [
        Object {
          "measure": Object {
            "definition": Object {
              "measureDefinition": Object {
                "item": Object {
                  "identifier": "aangOxLSeztu",
                  "type": "measure",
                },
              },
            },
            "localIdentifier": "m_aangOxLSeztu",
          },
        },
      ],
      "localIdentifier": "measures",
    },
    Object {
      "items": Array [
        Object {
          "attribute": Object {
            "displayForm": Object {
              "identifier": "label.product.id.name",
              "type": "displayForm",
            },
            "localIdentifier": "a_label.product.id.name",
          },
        },
      ],
      "localIdentifier": "view",
    },
  ],
  "dimensions": Array [
    Object {
      "itemIdentifiers": Array [
        "measureGroup",
      ],
    },
    Object {
      "itemIdentifiers": Array [
        "a_label.product.id.name",
      ],
    },
  ],
  "filters": Array [],
  "measures": Array [
    Object {
      "measure": Object {
        "definition": Object {
          "measureDefinition": Object {
            "item": Object {
              "identifier": "aangOxLSeztu",
              "type": "measure",
            },
          },
        },
        "localIdentifier": "m_aangOxLSeztu",
      },
    },
  ],
  "postProcessing": Object {},
  "sortBy": Array [],
  "workspace": "reference-workspace",
}
`;

exports[`FunnelChart with single measure with viewBy sorted by attribute should create expected props for core chart 1`] = `
Object {
  "exportTitle": "FunnelChart",
}
`;

exports[`FunnelChart with two measures should create expected execution definition 1`] = `
Object {
  "attributes": Array [],
  "buckets": Array [
    Object {
      "items": Array [
        Object {
          "measure": Object {
            "definition": Object {
              "measureDefinition": Object {
                "item": Object {
                  "identifier": "aangOxLSeztu",
                  "type": "measure",
                },
              },
            },
            "localIdentifier": "m_aangOxLSeztu",
          },
        },
        Object {
          "measure": Object {
            "definition": Object {
              "measureDefinition": Object {
                "item": Object {
                  "identifier": "acugFHNJgsBy",
                  "type": "measure",
                },
              },
            },
            "localIdentifier": "m_acugFHNJgsBy",
          },
        },
      ],
      "localIdentifier": "measures",
    },
    Object {
      "items": Array [],
      "localIdentifier": "view",
    },
  ],
  "dimensions": Array [
    Object {
      "itemIdentifiers": Array [],
    },
    Object {
      "itemIdentifiers": Array [
        "measureGroup",
      ],
    },
  ],
  "filters": Array [],
  "measures": Array [
    Object {
      "measure": Object {
        "definition": Object {
          "measureDefinition": Object {
            "item": Object {
              "identifier": "aangOxLSeztu",
              "type": "measure",
            },
          },
        },
        "localIdentifier": "m_aangOxLSeztu",
      },
    },
    Object {
      "measure": Object {
        "definition": Object {
          "measureDefinition": Object {
            "item": Object {
              "identifier": "acugFHNJgsBy",
              "type": "measure",
            },
          },
        },
        "localIdentifier": "m_acugFHNJgsBy",
      },
    },
  ],
  "postProcessing": Object {},
  "sortBy": Array [],
  "workspace": "reference-workspace",
}
`;

exports[`FunnelChart with two measures should create expected props for core chart 1`] = `
Object {
  "exportTitle": "FunnelChart",
}
`;
